src/App.tsx(1,1): error TS6133: 'React' is declared but its value is never read.
src/App.tsx(15,7): error TS6133: 'Placeholder' is declared but its value is never read.
src/pages/Orders/Orders.tsx(1,27): error TS6133: 'useEffect' is declared but its value is never read.
src/pages/Orders/Orders.tsx(7,10): error TS1484: 'Order' is a type and must be imported using a type-only import when 'verbatimModuleSyntax' is enabled.
src/pages/Orders/Orders.tsx(7,17): error TS1484: 'MenuItem' is a type and must be imported using a type-only import when 'verbatimModuleSyntax' is enabled.
src/pages/Orders/Orders.tsx(7,17): error TS6133: 'MenuItem' is declared but its value is never read.
src/pages/Orders/Orders.tsx(11,9): error TS6133: 'navigate' is declared but its value is never read.
src/pages/Reports/Reports.tsx(75,32): error TS2353: Object literal may only specify known properties, and 'shadow' does not exist in type 'TargetAndTransition | string[]'.
src/pages/Reports/Reports.tsx(94,32): error TS2353: Object literal may only specify known properties, and 'shadow' does not exist in type 'TargetAndTransition | string[]'.
src/pages/Tables/Tables.tsx(6,10): error TS1484: 'Table' is a type and must be imported using a type-only import when 'verbatimModuleSyntax' is enabled.
src/pages/Tables/Tables.tsx(30,28): error TS2353: Object literal may only specify known properties, and 'shadow' does not exist in type 'TargetAndTransition | string[]'.
src/services/mockData.ts(1,10): error TS1484: 'Table' is a type and must be imported using a type-only import when 'verbatimModuleSyntax' is enabled.
src/services/mockData.ts(1,17): error TS1484: 'MenuItem' is a type and must be imported using a type-only import when 'verbatimModuleSyntax' is enabled.
src/store/useRestaurantStore.ts(3,10): error TS1484: 'Table' is a type and must be imported using a type-only import when 'verbatimModuleSyntax' is enabled.
src/store/useRestaurantStore.ts(3,17): error TS1484: 'MenuItem' is a type and must be imported using a type-only import when 'verbatimModuleSyntax' is enabled.
src/store/useRestaurantStore.ts(3,27): error TS1484: 'Order' is a type and must be imported using a type-only import when 'verbatimModuleSyntax' is enabled.
src/store/useRestaurantStore.ts(3,34): error TS1484: 'OrderItem' is a type and must be imported using a type-only import when 'verbatimModuleSyntax' is enabled.
src/store/useRestaurantStore.ts(3,34): error TS6133: 'OrderItem' is declared but its value is never read.
src/store/useRestaurantStore.ts(23,11): error TS6133: 'get' is declared but its value is never read.
src/store/useRestaurantStore.ts(102,22): error TS6133: 'orderId' is declared but its value is never read.
